slurmstepd: info: Setting TMPDIR to /scratch/10049614. Previous errors about TMPDIR can be discarded
cesga/2020 unloaded
        Preparing the environment for use of the CESGA 2022 software stack.
        Please rebuild modules cache: module --ignore-cache avail
     
cesga/2022 loaded
python/3.10.8 loaded

The following have been reloaded with a version change:
  1) cesga/2020 => cesga/2022

Warning: You are sending unauthenticated requests to the HF Hub. Please set a HF_TOKEN to enable higher rate limits and faster downloads.
Loading weights:   0%|          | 0/197 [00:00<?, ?it/s]Loading weights:  27%|██▋       | 54/197 [00:00<00:00, 526.50it/s]Loading weights: 100%|██████████| 197/197 [00:00<00:00, 1092.89it/s]
[transformers] [1mBertForQuestionAnswering LOAD REPORT[0m from: google-bert/bert-base-uncased
Key                                        | Status     | 
-------------------------------------------+------------+-
cls.predictions.transform.LayerNorm.weight | UNEXPECTED | 
cls.predictions.transform.dense.bias       | UNEXPECTED | 
bert.pooler.dense.weight                   | UNEXPECTED | 
cls.predictions.transform.LayerNorm.bias   | UNEXPECTED | 
bert.pooler.dense.bias                     | UNEXPECTED | 
cls.predictions.bias                       | UNEXPECTED | 
cls.predictions.transform.dense.weight     | UNEXPECTED | 
cls.seq_relationship.weight                | UNEXPECTED | 
cls.seq_relationship.bias                  | UNEXPECTED | 
qa_outputs.weight                          | MISSING    | 
qa_outputs.bias                            | MISSING    | 

Notes:
- UNEXPECTED:	can be ignored when loading from different task/architecture; not ok if you expect identical arch.
- MISSING:	those params were newly initialized because missing from the checkpoint. Consider training on your downstream task.
Train: 2000 examples | Validation: 200 examples
Map:   0%|          | 0/2000 [00:00<?, ? examples/s]Map:  50%|█████     | 1000/2000 [00:00<00:00, 1004.47 examples/s]Map: 100%|██████████| 2000/2000 [00:01<00:00, 1529.36 examples/s]Map: 100%|██████████| 2000/2000 [00:01<00:00, 1393.20 examples/s]
Map:   0%|          | 0/200 [00:00<?, ? examples/s]Map: 100%|██████████| 200/200 [00:00<00:00, 1778.14 examples/s]Map: 100%|██████████| 200/200 [00:00<00:00, 1573.39 examples/s]
Traceback (most recent call last):
  File "/mnt/netapp2/Home_FT2/home/ulc/cursos/curso375/hpc_tools/bert/train.py", line 126, in <module>
    checkpoint = torch.load(args.checkpoint, map_location=device)
  File "/mnt/netapp2/Store_uni/home/ulc/cursos/curso375/hpc_tools/bert/lib/python3.10/site-packages/torch/serialization.py", line 1491, in load
    with _open_zipfile_reader(opened_file) as opened_zipfile:
  File "/mnt/netapp2/Store_uni/home/ulc/cursos/curso375/hpc_tools/bert/lib/python3.10/site-packages/torch/serialization.py", line 771, in __init__
    super().__init__(torch._C.PyTorchFileReader(name_or_buffer))
RuntimeError: PytorchStreamReader failed reading zip archive: failed finding central directory
