slurmstepd: info: Setting TMPDIR to /scratch/10111217. Previous errors about TMPDIR can be discarded
cesga/2020 unloaded
        Preparing the environment for use of the CESGA 2022 software stack.
        Please rebuild modules cache: module --ignore-cache avail
     
cesga/2022 loaded
python/3.10.8 loaded

The following have been reloaded with a version change:
  1) cesga/2020 => cesga/2022

Warning: You are sending unauthenticated requests to the HF Hub. Please set a HF_TOKEN to enable higher rate limits and faster downloads.
Loading weights:   0%|          | 0/197 [00:00<?, ?it/s]Loading weights: 100%|██████████| 197/197 [00:00<00:00, 4459.26it/s]
[transformers] [1mBertForQuestionAnswering LOAD REPORT[0m from: google-bert/bert-base-uncased
Key                                        | Status     | 
-------------------------------------------+------------+-
cls.predictions.transform.LayerNorm.weight | UNEXPECTED | 
cls.seq_relationship.bias                  | UNEXPECTED | 
cls.predictions.bias                       | UNEXPECTED | 
cls.predictions.transform.LayerNorm.bias   | UNEXPECTED | 
cls.predictions.transform.dense.weight     | UNEXPECTED | 
bert.pooler.dense.bias                     | UNEXPECTED | 
cls.predictions.transform.dense.bias       | UNEXPECTED | 
cls.seq_relationship.weight                | UNEXPECTED | 
bert.pooler.dense.weight                   | UNEXPECTED | 
qa_outputs.weight                          | MISSING    | 
qa_outputs.bias                            | MISSING    | 

Notes:
- UNEXPECTED:	can be ignored when loading from different task/architecture; not ok if you expect identical arch.
- MISSING:	those params were newly initialized because missing from the checkpoint. Consider training on your downstream task.
Model compilation started
Model compilation finished in 5.0603s
Train: 8192 examples | Validation: 128 examples
Map:   0%|          | 0/8192 [00:00<?, ? examples/s]Map:  12%|█▏        | 1000/8192 [00:18<02:09, 55.39 examples/s]Map:  24%|██▍       | 2000/8192 [00:19<00:49, 125.13 examples/s]Map:  37%|███▋      | 3000/8192 [00:20<00:25, 203.38 examples/s]Map:  49%|████▉     | 4000/8192 [00:20<00:13, 314.26 examples/s]Map:  61%|██████    | 5000/8192 [00:21<00:06, 463.15 examples/s]Map:  73%|███████▎  | 6000/8192 [00:21<00:03, 645.40 examples/s]Map:  85%|████████▌ | 7000/8192 [00:21<00:01, 878.73 examples/s]Map:  98%|█████████▊| 8000/8192 [00:22<00:00, 1160.34 examples/s]Map: 100%|██████████| 8192/8192 [00:22<00:00, 370.34 examples/s] 
Map:   0%|          | 0/128 [00:00<?, ? examples/s]Map: 100%|██████████| 128/128 [00:00<00:00, 1216.47 examples/s]Map: 100%|██████████| 128/128 [00:00<00:00, 1130.34 examples/s]
[epoch 0][step 20/256] loss=5.1173
[epoch 0][step 40/256] loss=4.0305
[epoch 0][step 60/256] loss=3.0473
Model checkpoint started
Model checkpoint finished in 1.8393s
[epoch 0] validation EM=0.3516 F1=0.4840
[epoch 1][step 80/256] loss=1.9082
[epoch 1][step 100/256] loss=2.2269
[epoch 1][step 120/256] loss=2.0883
Model checkpoint started
Model checkpoint finished in 2.1097s
[epoch 1] validation EM=0.4766 F1=0.6237
[epoch 2][step 140/256] loss=1.1002
[epoch 2][step 160/256] loss=1.6663
[epoch 2][step 180/256] loss=1.6536
Model checkpoint started
Model checkpoint finished in 12.7047s
[epoch 2] validation EM=0.5078 F1=0.6583
[epoch 3][step 200/256] loss=0.5819
[epoch 3][step 220/256] loss=1.4923
[epoch 3][step 240/256] loss=1.4457
Model checkpoint started
Model checkpoint finished in 1.9258s
[epoch 3] validation EM=0.5078 F1=0.6600
Total time:          123.6475 s
Checkpoint overhead: 0.0000 s
Eval overhead:       28.8415 s
Total overhead:      28.8415 s
Training time:       94.8060 s
Final model saved in 0.4971 s
Memory used: 19.409058816 GB
-------------------------------------------------------  ------------  ------------  ------------  ------------  ------------  ------------  ------------  ------------  ------------  ------------  
                                                   Name    Self CPU %      Self CPU   CPU total %     CPU total  CPU time avg     Self CUDA   Self CUDA %    CUDA total  CUDA time avg    # of Calls  
-------------------------------------------------------  ------------  ------------  ------------  ------------  ------------  ------------  ------------  ------------  ------------  ------------  
                                          ProfilerStep*         0.00%       0.000us         0.00%       0.000us       0.000us     776.188ms        75.39%     776.188ms     258.729ms             3  
autograd::engine::evaluate_function: CompiledFunctio...         0.02%     365.527us        33.06%     537.938ms     179.313ms       0.000us         0.00%     518.746ms     172.915ms             3  
                               CompiledFunctionBackward         1.96%      31.844ms        33.04%     537.572ms     179.191ms       0.000us         0.00%     518.746ms     172.915ms             3  
                                          ProfilerStep*         4.55%      74.062ms        47.73%     776.543ms     258.848ms       0.000us         0.00%     389.490ms     129.830ms             3  
                             Torch-Compiled Region: 0/0         0.04%     709.629us        13.43%     218.448ms      72.816ms       0.000us         0.00%     368.642ms     122.881ms             3  
                                       CompiledFunction         1.07%      17.381ms        13.38%     217.601ms      72.534ms       0.000us         0.00%     368.642ms     122.881ms             3  
                                               aten::mm         0.53%       8.682ms         8.53%     138.804ms     270.574us     272.310ms        26.45%     282.392ms     550.472us           513  
fmha_cutlassB_bf16_aligned_64x64_k64_dropout_sm80(Py...         0.00%       0.000us         0.00%       0.000us       0.000us     235.840ms        22.91%     235.840ms       4.913ms            48  
aten::_scaled_dot_product_efficient_attention_backwa...         0.03%     539.706us         0.53%       8.697ms     241.592us       0.000us         0.00%     180.187ms       5.005ms            36  
                    aten::_efficient_attention_backward         0.05%     783.707us         0.46%       7.436ms     206.549us     176.694ms        17.16%     180.187ms       5.005ms            36  
                                    Command Buffer Full        40.58%     660.253ms        40.58%     660.253ms     529.473us     135.602ms        13.17%     135.602ms     108.743us          1247  
          aten::_scaled_dot_product_efficient_attention         0.02%     371.339us         0.93%      15.093ms     419.239us       0.000us         0.00%     122.548ms       3.404ms            36  
                     aten::_efficient_attention_forward         0.04%     658.444us         0.88%      14.294ms     397.047us      69.977ms         6.80%     122.548ms       3.404ms            36  
ampere_bf16_s16816gemm_bf16_128x128_ldg8_f2f_stages_...         0.00%       0.000us         0.00%       0.000us       0.000us     107.003ms        10.39%     107.003ms     445.845us           240  
                                       cudaLaunchKernel         6.78%     110.361ms         9.65%     157.065ms     195.354us       0.000us         0.00%     104.655ms     130.167us           804  
                                            aten::addmm         0.21%       3.443ms         1.84%      29.910ms     207.709us      71.982ms         6.99%     101.084ms     701.971us           144  
ampere_bf16_s16816gemm_bf16_256x128_ldg8_f2f_stages_...         0.00%       0.000us         0.00%       0.000us       0.000us      97.819ms         9.50%      97.819ms     407.579us           240  
ampere_bf16_s16816gemm_bf16_128x128_ldg8_relu_f2f_st...         0.00%       0.000us         0.00%       0.000us       0.000us      95.662ms         9.29%      95.662ms     498.239us           192  
fmha_cutlassF_bf16_aligned_64x64_rf_sm80(PyTorchMemE...         0.00%       0.000us         0.00%       0.000us       0.000us      92.967ms         9.03%      92.967ms       1.937ms            48  
triton_per_fused__to_copy_add_native_dropout_native_...         0.10%       1.553ms         1.33%      21.714ms     314.695us      33.994ms         3.30%      50.358ms     729.820us            69  
ampere_bf16_s16816gemm_bf16_128x256_ldg8_f2f_stages_...         0.00%       0.000us         0.00%       0.000us       0.000us      49.032ms         4.76%      49.032ms       1.021ms            48  
ampere_bf16_s16816gemm_bf16_128x256_ldg8_f2f_stages_...         0.00%       0.000us         0.00%       0.000us       0.000us      48.695ms         4.73%      48.695ms       1.014ms            48  
triton_per_fused__to_copy_add_native_dropout_native_...         0.00%       0.000us         0.00%       0.000us       0.000us      45.197ms         4.39%      45.197ms     491.272us            92  
ampere_bf16_s16816gemm_bf16_128x256_ldg8_f2f_stages_...         0.00%       0.000us         0.00%       0.000us       0.000us      44.821ms         4.35%      44.821ms     933.765us            48  
                 triton_poi_fused_gelu_gelu_backward_14         0.00%       0.000us         0.00%       0.000us       0.000us      31.308ms         3.04%      31.308ms     652.253us            48  
                                         cuLaunchKernel        21.74%     353.700ms        30.39%     494.361ms     324.384us       0.000us         0.00%      30.947ms      20.307us          1524  
                                triton_poi_fused_gelu_7         0.03%     453.454us         0.54%       8.750ms     243.065us      16.659ms         1.62%      30.074ms     835.391us            36  
triton_per_fused__to_copy_add_native_dropout_backwar...         0.00%       0.000us         0.00%       0.000us       0.000us      24.770ms         2.41%      24.770ms     562.960us            44  
                 triton_poi_fused_gelu_gelu_backward_14         0.02%     348.412us         0.14%       2.312ms      64.232us      23.485ms         2.28%      23.485ms     652.350us            36  
triton_per_fused__to_copy_add_native_dropout_backwar...         0.00%       0.000us         0.00%       0.000us       0.000us      22.252ms         2.16%      22.252ms     463.584us            48  
                                triton_poi_fused_gelu_7         0.00%       0.000us         0.00%       0.000us       0.000us      22.202ms         2.16%      22.202ms     462.539us            48  
                              Optimizer.step#AdamW.step         0.17%       2.717ms         0.52%       8.453ms       2.818ms       0.000us         0.00%      20.648ms       6.883ms             3  
                                    aten::_fused_adamw_         0.02%     249.146us         0.31%       5.121ms       1.707ms       7.733ms         0.75%      20.624ms       6.875ms             3  
triton_per_fused__to_copy_add_native_dropout_backwar...         0.04%     623.406us         0.37%       6.095ms     184.699us      18.580ms         1.80%      18.580ms     563.021us            33  
triton_red_fused__to_copy_add_native_layer_norm_back...         0.00%       0.000us         0.00%       0.000us       0.000us      17.004ms         1.65%      17.004ms     386.465us            44  
triton_per_fused__to_copy_add_native_dropout_backwar...         0.04%     575.206us         0.34%       5.602ms     155.601us      16.691ms         1.62%      16.691ms     463.628us            36  
triton_red_fused__to_copy_add_native_layer_norm_back...         0.00%       0.000us         0.00%       0.000us       0.000us      14.350ms         1.39%      14.350ms     298.957us            48  
ampere_bf16_s16816gemm_bf16_128x128_ldg8_f2f_stages_...         0.00%       0.000us         0.00%       0.000us       0.000us      14.245ms         1.38%      14.245ms     296.767us            48  
triton_red_fused__to_copy_add_native_layer_norm_back...         0.03%     487.658us         0.08%       1.323ms      40.088us      12.757ms         1.24%      12.757ms     386.561us            33  
                                triton_red_fused_sum_12         0.00%       0.000us         0.00%       0.000us       0.000us      12.358ms         1.20%      12.358ms      51.491us           240  
triton_per_fused__to_copy_add_embedding_dense_backwa...         0.00%       0.000us         0.00%       0.000us       0.000us      11.973ms         1.16%      11.973ms       2.993ms             4  
triton_red_fused__to_copy_add_native_layer_norm_back...         0.03%     458.679us         0.05%     856.478us      23.791us      10.765ms         1.05%      10.765ms     299.020us            36  
void at::native::(anonymous namespace)::multi_tensor...         0.00%       0.000us         0.00%       0.000us       0.000us      10.276ms         1.00%      10.276ms     367.008us            28  
                                triton_red_fused_sum_15         0.00%       0.000us         0.00%       0.000us       0.000us      10.186ms         0.99%      10.186ms     212.208us            48  
                                triton_red_fused_sum_12         0.16%       2.587ms         2.51%      40.841ms     226.894us       9.269ms         0.90%       9.269ms      51.496us           180  
triton_per_fused__to_copy_add_embedding_dense_backwa...         0.00%      59.605us         0.00%      76.491us      25.497us       8.957ms         0.87%       8.957ms       2.986ms             3  
                              Optimizer.step#AdamW.step         0.00%       0.000us         0.00%       0.000us       0.000us       7.786ms         0.76%       7.786ms       2.595ms             3  
                                triton_red_fused_sum_15         0.03%     485.630us         7.27%     118.252ms       3.285ms       7.641ms         0.74%       7.641ms     212.240us            36  
void at::native::vectorized_elementwise_kernel<4, at...         0.00%       0.000us         0.00%       0.000us       0.000us       4.657ms         0.45%       4.657ms      97.027us            48  
                                            aten::fill_         0.02%     346.929us         0.32%       5.172ms     114.925us       3.510ms         0.34%       3.510ms      78.009us            45  
                                            aten::zero_         0.01%     127.713us         0.32%       5.228ms     124.470us       0.000us         0.00%       3.505ms      83.458us            42  
triton_per_fused__to_copy_add_embedding_native_dropo...         0.00%       0.000us         0.00%       0.000us       0.000us       2.258ms         0.22%       2.258ms     564.533us             4  
triton_per_fused__to_copy_add_native_dropout_native_...         0.00%       0.000us         0.00%       0.000us       0.000us       1.987ms         0.19%       1.987ms     496.652us             4  
triton_red_fused__to_copy_native_layer_norm_backward...         0.00%       0.000us         0.00%       0.000us       0.000us       1.839ms         0.18%       1.839ms       4.179us           440  
triton_per_fused__to_copy_add_embedding_native_dropo...         0.01%      98.147us         0.01%     123.152us      41.051us       1.695ms         0.16%       1.695ms     564.933us             3  
                            triton_poi_fused__to_copy_5         0.05%     763.769us         0.68%      11.061ms     153.619us       1.033ms         0.10%       1.529ms      21.241us            72  
triton_per_fused__to_copy_add_native_dropout_native_...         0.00%      73.227us         0.01%      91.498us      30.499us       1.509ms         0.15%       1.509ms     502.852us             3  
triton_red_fused__to_copy_native_layer_norm_backward...         0.20%       3.293ms         5.22%      84.909ms     257.301us       1.379ms         0.13%       1.379ms       4.179us           330  
triton_per_fused__to_copy_native_dropout_backward_na...         0.00%       0.000us         0.00%       0.000us       0.000us       1.377ms         0.13%       1.377ms     344.235us             4  
                            triton_poi_fused__to_copy_5         0.00%       0.000us         0.00%       0.000us       0.000us       1.373ms         0.13%       1.373ms      14.307us            96  
                            triton_poi_fused__to_copy_1         0.12%       1.876ms         3.84%      62.530ms     434.237us     827.274us         0.08%       1.351ms       9.381us           144  
                            triton_poi_fused__to_copy_1         0.00%       0.000us         0.00%       0.000us       0.000us       1.103ms         0.11%       1.103ms       5.745us           192  
triton_per_fused__to_copy_native_dropout_backward_na...         0.00%      52.213us         0.35%       5.675ms       1.892ms       1.032ms         0.10%       1.032ms     344.120us             3  
         triton_red_fused_native_layer_norm_backward_25         0.00%       0.000us         0.00%       0.000us       0.000us     901.959us         0.09%     901.959us     225.490us             4  
                           triton_poi_fused__to_copy_13         0.00%       0.000us         0.00%       0.000us       0.000us     880.777us         0.09%     880.777us       9.175us            96  
                           triton_poi_fused__to_copy_19         0.00%       0.000us         0.00%       0.000us       0.000us     804.766us         0.08%     804.766us       4.191us           192  
triton_red_fused__to_copy_native_layer_norm_backward...         0.00%       0.000us         0.00%       0.000us       0.000us     721.413us         0.07%     721.413us     180.353us             4  
         triton_red_fused_native_layer_norm_backward_25         0.00%      36.710us         0.07%       1.120ms     373.310us     677.029us         0.07%     677.029us     225.676us             3  
                           triton_poi_fused__to_copy_13         0.04%     723.598us         0.95%      15.497ms     215.243us     660.260us         0.06%     660.260us       9.170us            72  
                           triton_poi_fused__to_copy_19         0.09%       1.472ms         3.70%      60.137ms     417.615us     603.677us         0.06%     603.677us       4.192us           144  
triton_red_fused__to_copy_native_layer_norm_backward...         0.00%      40.242us         0.00%      58.031us      19.344us     539.140us         0.05%     539.140us     179.713us             3  
triton_red_fused_embedding_dense_backward_nll_loss_f...         0.00%       0.000us         0.00%       0.000us       0.000us     471.139us         0.05%     471.139us     117.785us             4  
                                        Memset (Device)         0.00%       0.000us         0.00%       0.000us       0.000us     462.946us         0.04%     462.946us       1.607us           288  
                            triton_poi_fused__to_copy_2         0.06%       1.033ms         1.47%      23.868ms     221.004us     293.315us         0.03%     400.580us       3.709us           108  
                            triton_poi_fused__to_copy_2         0.00%       0.000us         0.00%       0.000us       0.000us     390.149us         0.04%     390.149us       2.709us           144  
triton_red_fused_embedding_dense_backward_nll_loss_f...         0.00%      31.927us         0.04%     637.821us     212.607us     352.322us         0.03%     352.322us     117.441us             3  
void cutlass::Kernel2<cutlass_80_tensorop_bf16_s1681...         0.00%       0.000us         0.00%       0.000us       0.000us     344.066us         0.03%     344.066us      86.017us             4  
void cutlass::Kernel2<cutlass_80_tensorop_bf16_s1681...         0.00%       0.000us         0.00%       0.000us       0.000us     339.778us         0.03%     339.778us      84.945us             4  
ampere_bf16_s1688gemm_bf16_128x128_ldg8_f2f_stages_3...         0.00%       0.000us         0.00%       0.000us       0.000us     288.899us         0.03%     288.899us      72.225us             4  
                 triton_poi_fused_scalar_tensor_where_3         0.00%       0.000us         0.00%       0.000us       0.000us     243.363us         0.02%     243.363us      60.841us             4  
           triton_poi_fused_embedding_dense_backward_23         0.00%       0.000us         0.00%       0.000us       0.000us     241.953us         0.02%     241.953us      60.488us             4  
                         Memcpy HtoD (Pinned -> Device)         0.00%       0.000us         0.00%       0.000us       0.000us     236.993us         0.02%     236.993us      11.850us            20  
                                triton_per_fused_sum_16         0.00%       0.000us         0.00%       0.000us       0.000us     228.447us         0.02%     228.447us       4.759us            48  
                 triton_poi_fused_scalar_tensor_where_3         0.00%      37.739us         0.00%      54.961us      18.320us     183.555us         0.02%     183.555us      61.185us             3  
           triton_poi_fused_embedding_dense_backward_23         0.00%      28.214us         0.00%      43.757us      14.586us     181.664us         0.02%     181.664us      60.555us             3  
                                               aten::to         0.00%      33.294us         0.02%     332.564us      22.171us       0.000us         0.00%     177.473us      11.832us            15  
                                         aten::_to_copy         0.00%      66.073us         0.02%     299.270us      19.951us       0.000us         0.00%     177.473us      11.832us            15  
                                            aten::copy_         0.00%      73.214us         0.01%     162.083us      10.806us     177.473us         0.02%     177.473us      11.832us            15  
                                triton_per_fused_sum_16         0.02%     395.832us         0.63%      10.201ms     283.361us     171.360us         0.02%     171.360us       4.760us            36  
                            triton_poi_fused__to_copy_6         0.00%       0.000us         0.00%       0.000us       0.000us     136.098us         0.01%     136.098us       2.835us            48  
                            triton_poi_fused__to_copy_6         0.02%     346.945us         0.94%      15.366ms     426.826us     102.242us         0.01%     119.235us       3.312us            36  
void cublasLt::splitKreduce_kernel<32, 16, int, __nv...         0.00%       0.000us         0.00%       0.000us       0.000us      40.577us         0.00%      40.577us      10.144us             4  
void at::native::(anonymous namespace)::multi_tensor...         0.00%       0.000us         0.00%       0.000us       0.000us      31.967us         0.00%      31.967us       3.996us             8  
                                 triton_red_fused_sum_6         0.00%       0.000us         0.00%       0.000us       0.000us      27.872us         0.00%      27.872us       6.968us             4  
                 triton_red_fused__log_softmax_clone_10         0.00%      48.720us         0.03%     544.600us     181.533us      13.185us         0.00%      26.370us       8.790us             3  
triton_per_fused__log_softmax__log_softmax_backward_...         0.00%       0.000us         0.00%       0.000us       0.000us      26.017us         0.00%      26.017us       3.252us             8  
                                    aten::_foreach_add_         0.03%     502.189us         0.04%     610.347us     203.449us      23.967us         0.00%      23.967us       7.989us             3  
                 triton_red_fused__log_softmax_clone_11         0.00%      42.246us         0.34%       5.553ms       1.851ms      11.649us         0.00%      23.298us       7.766us             3  
                                 triton_red_fused_sum_6         0.00%      45.039us         0.00%      63.281us      21.094us      21.216us         0.00%      21.216us       7.072us             3  
     triton_per_fused_add_clamp_div_nll_loss_forward_12         0.00%       0.000us         0.00%       0.000us       0.000us      20.798us         0.00%      20.798us       5.199us             4  
-------------------------------------------------------  ------------  ------------  ------------  ------------  ------------  ------------  ------------  ------------  ------------  ------------  
Self CPU time total: 1.627s
Self CUDA time total: 1.030s

