slurmstepd: info: Setting TMPDIR to /scratch/10051421. Previous errors about TMPDIR can be discarded
cesga/2020 unloaded
        Preparing the environment for use of the CESGA 2022 software stack.
        Please rebuild modules cache: module --ignore-cache avail
     
cesga/2022 loaded
python/3.10.8 loaded

The following have been reloaded with a version change:
  1) cesga/2020 => cesga/2022

Warning: You are sending unauthenticated requests to the HF Hub. Please set a HF_TOKEN to enable higher rate limits and faster downloads.
Loading weights:   0%|          | 0/197 [00:00<?, ?it/s]Loading weights:  86%|████████▌ | 169/197 [00:00<00:00, 1688.47it/s]Loading weights: 100%|██████████| 197/197 [00:00<00:00, 1798.69it/s]
[transformers] [1mBertForQuestionAnswering LOAD REPORT[0m from: google-bert/bert-base-uncased
Key                                        | Status     | 
-------------------------------------------+------------+-
cls.predictions.transform.LayerNorm.bias   | UNEXPECTED | 
bert.pooler.dense.weight                   | UNEXPECTED | 
cls.seq_relationship.bias                  | UNEXPECTED | 
cls.predictions.transform.dense.weight     | UNEXPECTED | 
cls.predictions.transform.LayerNorm.weight | UNEXPECTED | 
cls.predictions.transform.dense.bias       | UNEXPECTED | 
cls.predictions.bias                       | UNEXPECTED | 
cls.seq_relationship.weight                | UNEXPECTED | 
bert.pooler.dense.bias                     | UNEXPECTED | 
qa_outputs.weight                          | MISSING    | 
qa_outputs.bias                            | MISSING    | 

Notes:
- UNEXPECTED:	can be ignored when loading from different task/architecture; not ok if you expect identical arch.
- MISSING:	those params were newly initialized because missing from the checkpoint. Consider training on your downstream task.
Train: 2000 examples | Validation: 200 examples
Map:   0%|          | 0/2000 [00:00<?, ? examples/s]Map:  50%|█████     | 1000/2000 [00:00<00:00, 1144.78 examples/s]Map: 100%|██████████| 2000/2000 [00:01<00:00, 1702.16 examples/s]Map: 100%|██████████| 2000/2000 [00:01<00:00, 1562.73 examples/s]
Map:   0%|          | 0/200 [00:00<?, ? examples/s]Map: 100%|██████████| 200/200 [00:00<00:00, 1803.21 examples/s]Map: 100%|██████████| 200/200 [00:00<00:00, 1590.69 examples/s]
[epoch 0] validation EM=0.0000 F1=0.0658
Total time: 35.5622s
Overhead: 4.7487s
Training time: 30.8135s
Final model saved
