slurmstepd: info: Setting TMPDIR to /scratch/10052927. Previous errors about TMPDIR can be discarded
cesga/2020 unloaded
        Preparing the environment for use of the CESGA 2022 software stack.
        Please rebuild modules cache: module --ignore-cache avail
     
cesga/2022 loaded
python/3.10.8 loaded

The following have been reloaded with a version change:
  1) cesga/2020 => cesga/2022

Warning: You are sending unauthenticated requests to the HF Hub. Please set a HF_TOKEN to enable higher rate limits and faster downloads.
Loading weights:   0%|          | 0/197 [00:00<?, ?it/s]Loading weights: 100%|██████████| 197/197 [00:00<00:00, 8546.26it/s]
[transformers] [1mBertForQuestionAnswering LOAD REPORT[0m from: google-bert/bert-base-uncased
Key                                        | Status     | 
-------------------------------------------+------------+-
cls.predictions.transform.LayerNorm.bias   | UNEXPECTED | 
cls.seq_relationship.bias                  | UNEXPECTED | 
bert.pooler.dense.weight                   | UNEXPECTED | 
cls.predictions.transform.LayerNorm.weight | UNEXPECTED | 
cls.predictions.transform.dense.bias       | UNEXPECTED | 
cls.seq_relationship.weight                | UNEXPECTED | 
cls.predictions.bias                       | UNEXPECTED | 
bert.pooler.dense.bias                     | UNEXPECTED | 
cls.predictions.transform.dense.weight     | UNEXPECTED | 
qa_outputs.bias                            | MISSING    | 
qa_outputs.weight                          | MISSING    | 

Notes:
- UNEXPECTED:	can be ignored when loading from different task/architecture; not ok if you expect identical arch.
- MISSING:	those params were newly initialized because missing from the checkpoint. Consider training on your downstream task.
Train: 10000 examples | Validation: 200 examples
Map:   0%|          | 0/10000 [00:00<?, ? examples/s]Map:  10%|█         | 1000/10000 [00:00<00:04, 2141.11 examples/s]Map:  20%|██        | 2000/10000 [00:00<00:03, 2644.56 examples/s]Map:  30%|███       | 3000/10000 [00:00<00:02, 3301.23 examples/s]Map:  40%|████      | 4000/10000 [00:01<00:01, 3824.81 examples/s]Map:  50%|█████     | 5000/10000 [00:01<00:01, 4202.28 examples/s]Map:  60%|██████    | 6000/10000 [00:01<00:00, 4511.05 examples/s]Map:  70%|███████   | 7000/10000 [00:01<00:00, 4719.84 examples/s]Map:  80%|████████  | 8000/10000 [00:01<00:00, 4876.55 examples/s]Map:  90%|█████████ | 9000/10000 [00:02<00:00, 5001.91 examples/s]Map: 100%|██████████| 10000/10000 [00:02<00:00, 4214.43 examples/s]Map: 100%|██████████| 10000/10000 [00:02<00:00, 3960.88 examples/s]
Map:   0%|          | 0/200 [00:00<?, ? examples/s]Map: 100%|██████████| 200/200 [00:00<00:00, 1714.43 examples/s]Map: 100%|██████████| 200/200 [00:00<00:00, 623.16 examples/s] 
[epoch 0][step 20/158] loss=5.1034
[epoch 0][step 40/158] loss=4.1111
[epoch 0][step 60/158] loss=3.5277
[epoch 0] validation EM=0.3050 F1=0.4633
[epoch 1][step 80/158] loss=0.1232
[epoch 1][step 100/158] loss=2.4457
[epoch 1][step 120/158] loss=2.3162
[epoch 1][step 140/158] loss=2.1511
[epoch 1] validation EM=0.3950 F1=0.5466
Total time: 293.5513s
Overhead: 8.8993s
Training time: 284.6520s
Final model saved
