# baseline
sbatch: slurm_job_submit: Job assigned to GPU nodes: gres:gpu:a100:1
sbatch: slurm_job_submit: setting QoS to Partition QoS value: short
Submitted batch job 10111211

# big_batch
sbatch: slurm_job_submit: Job assigned to GPU nodes: gres:gpu:a100:1
sbatch: slurm_job_submit: setting QoS to Partition QoS value: short
Submitted batch job 10111212

# amp
sbatch: slurm_job_submit: Job assigned to GPU nodes: gres:gpu:a100:1
sbatch: slurm_job_submit: setting QoS to Partition QoS value: short
Submitted batch job 10111213

# compile_default
sbatch: slurm_job_submit: Job assigned to GPU nodes: gres:gpu:a100:1
sbatch: slurm_job_submit: setting QoS to Partition QoS value: short
Submitted batch job 10111214

# compile_overhead
sbatch: slurm_job_submit: Job assigned to GPU nodes: gres:gpu:a100:1
sbatch: slurm_job_submit: setting QoS to Partition QoS value: short
Submitted batch job 10111215

# compile_autotune
sbatch: slurm_job_submit: Job assigned to GPU nodes: gres:gpu:a100:1
sbatch: slurm_job_submit: setting QoS to Partition QoS value: short
Submitted batch job 10111216

# all_default
sbatch: slurm_job_submit: Job assigned to GPU nodes: gres:gpu:a100:1
sbatch: slurm_job_submit: setting QoS to Partition QoS value: short
Submitted batch job 10111217

# all_overhead
sbatch: slurm_job_submit: Job assigned to GPU nodes: gres:gpu:a100:1
sbatch: slurm_job_submit: setting QoS to Partition QoS value: short
Submitted batch job 10111218

# all_autotune
sbatch: slurm_job_submit: Job assigned to GPU nodes: gres:gpu:a100:1
sbatch: slurm_job_submit: setting QoS to Partition QoS value: short
Submitted batch job 10111219
