==== baseline ====
Job ID: 10111211
Cluster: finisterrae3
User/Group: curso375/ulc
State: COMPLETED (exit code 0)
Nodes: 1
Cores per node: 32
CPU Utilized: 00:09:05
CPU Efficiency: 2.59% of 05:50:24 core-walltime
Job Wall-clock time: 00:10:57
Memory Utilized: 1.50 GB
Memory Efficiency: 2.34% of 64.00 GB

==== big_batch ====
Job ID: 10111212
Cluster: finisterrae3
User/Group: curso375/ulc
State: COMPLETED (exit code 0)
Nodes: 1
Cores per node: 32
CPU Utilized: 00:08:21
CPU Efficiency: 2.55% of 05:27:28 core-walltime
Job Wall-clock time: 00:10:14
Memory Utilized: 1.52 GB
Memory Efficiency: 2.38% of 64.00 GB

==== amp ====
Job ID: 10111213
Cluster: finisterrae3
User/Group: curso375/ulc
State: COMPLETED (exit code 0)
Nodes: 1
Cores per node: 32
CPU Utilized: 00:02:40
CPU Efficiency: 1.75% of 02:32:32 core-walltime
Job Wall-clock time: 00:04:46
Memory Utilized: 1.96 GB
Memory Efficiency: 3.06% of 64.00 GB

==== compile_default ====
Job ID: 10111214
Cluster: finisterrae3
User/Group: curso375/ulc
State: COMPLETED (exit code 0)
Nodes: 1
Cores per node: 32
CPU Utilized: 00:09:50
CPU Efficiency: 2.71% of 06:03:12 core-walltime
Job Wall-clock time: 00:11:21
Memory Utilized: 3.49 GB
Memory Efficiency: 5.45% of 64.00 GB

==== compile_overhead ====
Job ID: 10111215
Cluster: finisterrae3
User/Group: curso375/ulc
State: COMPLETED (exit code 0)
Nodes: 1
Cores per node: 32
CPU Utilized: 00:10:02
CPU Efficiency: 2.73% of 06:08:00 core-walltime
Job Wall-clock time: 00:11:30
Memory Utilized: 3.13 GB
Memory Efficiency: 4.89% of 64.00 GB

==== compile_autotune ====
Job ID: 10111216
Cluster: finisterrae3
User/Group: curso375/ulc
State: COMPLETED (exit code 0)
Nodes: 1
Cores per node: 32
CPU Utilized: 00:16:54
CPU Efficiency: 4.03% of 06:59:12 core-walltime
Job Wall-clock time: 00:13:06
Memory Utilized: 7.25 GB
Memory Efficiency: 11.33% of 64.00 GB

==== all_default ====
Job ID: 10111217
Cluster: finisterrae3
User/Group: curso375/ulc
State: COMPLETED (exit code 0)
Nodes: 1
Cores per node: 32
CPU Utilized: 00:02:42
CPU Efficiency: 1.95% of 02:18:08 core-walltime
Job Wall-clock time: 00:04:19
Memory Utilized: 3.34 GB
Memory Efficiency: 5.22% of 64.00 GB

==== all_overhead ====
Job ID: 10111218
Cluster: finisterrae3
User/Group: curso375/ulc
State: COMPLETED (exit code 0)
Nodes: 1
Cores per node: 32
CPU Utilized: 00:02:38
CPU Efficiency: 1.91% of 02:18:08 core-walltime
Job Wall-clock time: 00:04:19
Memory Utilized: 3.35 GB
Memory Efficiency: 5.23% of 64.00 GB

==== all_autotune ====
Job ID: 10111219
Cluster: finisterrae3
User/Group: curso375/ulc
State: COMPLETED (exit code 0)
Nodes: 1
Cores per node: 32
CPU Utilized: 00:06:54
CPU Efficiency: 3.59% of 03:12:00 core-walltime
Job Wall-clock time: 00:06:00
Memory Utilized: 6.13 GB
Memory Efficiency: 9.57% of 64.00 GB

